Microchip Technology Inc, v1.61 (B)

Tool Name:
  c:\program files\microchip\xc16\v1.61\bin\bin\..\bin/elf-ld.exe

Command:
  -p24F16KA101 \
  --mdfp=C:/Program Files/Microchip/MPLABX/v5.45/packs/Microchip/PIC24F-KA-KL-KM_DFP/1.4.83/xc16 \
  -o \
  dist/default/production/AppProject2.X.production.elf \
  -Lc:/program files/microchip/xc16/v1.61/bin/bin/.. \
  -LC:/Program Files/Microchip/MPLABX/v5.45/packs/Microchip/PIC24F-KA-KL-KM_DFP/1.4.83/xc16/bin/../support/PIC24F/gld \
  -Lc:/program files/microchip/xc16/v1.61/bin/bin/../../lib \
  -Lc:/program files/microchip/xc16/v1.61/bin/bin/../../support/PIC24E/gld \
  -Lc:/program files/microchip/xc16/v1.61/bin/bin/../../support/PIC24F/gld \
  -Lc:/program files/microchip/xc16/v1.61/bin/bin/../../support/PIC24H/gld \
  -Lc:/program files/microchip/xc16/v1.61/bin/bin/../../support/dsPIC30F/gld \
  -Lc:/program files/microchip/xc16/v1.61/bin/bin/../../support/dsPIC33C/gld \
  -Lc:/program files/microchip/xc16/v1.61/bin/bin/../../support/dsPIC33E/gld \
  -Lc:/program files/microchip/xc16/v1.61/bin/bin/../../support/dsPIC33F/gld \
  build/default/production/ADC.o \
  build/default/production/ChangeClk.o \
  build/default/production/IOs.o \
  build/default/production/TimeDelay.o \
  build/default/production/UART2.o \
  build/default/production/main.o \
  --defsym=__MPLAB_BUILD=1 \
  -Tp24F16KA101.gld.00 \
  --stack=16 \
  --check-sections \
  --data-init \
  --pack-data \
  --handles \
  --isr \
  --no-gc-sections \
  --fill-upper=0 \
  --stackguard=16 \
  --no-force-link \
  --smart-io \
  -Map=dist/default/production/AppProject2.X.production.map \
  --report-mem \
  --memorysummary \
  dist/default/production/memoryfile.xml \
  -start-group \
  --library=lega-pic30-elf \
  --library=m-elf \
  --library=lega-c-elf \
  -end-group \


Optional library libpPIC24Fxxx.a not found
Archive member included because of file (symbol)

c:/program files/microchip/xc16/v1.61/bin/bin/../../lib\liblega-pic30-elf.a(crt0_standard.o)
                              (__resetPRI)
c:/program files/microchip/xc16/v1.61/bin/bin/../../lib\liblega-pic30-elf.a(data_init_standard.o)
                              c:/program files/microchip/xc16/v1.61/bin/bin/../../lib\liblega-pic30-elf.a(crt0_standard.o) (__data_init_standard)
c:/program files/microchip/xc16/v1.61/bin/bin/../../lib\liblega-pic30-elf.a(crt_start_mode_normal.Leo)
                              (__crt_start_mode_normal)
c:/program files/microchip/xc16/v1.61/bin/bin/../../lib\libm-elf.a(addsf3.eo)
                              build/default/production/IOs.o (___subsf3)
c:/program files/microchip/xc16/v1.61/bin/bin/../../lib\libm-elf.a(divsf3.eo)
                              build/default/production/IOs.o (___divsf3)
c:/program files/microchip/xc16/v1.61/bin/bin/../../lib\libm-elf.a(fixunssfsi.eo)
                              build/default/production/IOs.o (___fixunssfsi)
c:/program files/microchip/xc16/v1.61/bin/bin/../../lib\libm-elf.a(floatsisf.eo)
                              build/default/production/UART2.o (___floatsisf)
c:/program files/microchip/xc16/v1.61/bin/bin/../../lib\libm-elf.a(floatunsisf.eo)
                              build/default/production/IOs.o (___floatunsisf)
c:/program files/microchip/xc16/v1.61/bin/bin/../../lib\libm-elf.a(fpack.eo)
                              c:/program files/microchip/xc16/v1.61/bin/bin/../../lib\libm-elf.a(addsf3.eo) (__fpack)
c:/program files/microchip/xc16/v1.61/bin/bin/../../lib\libm-elf.a(funpack.eo)
                              c:/program files/microchip/xc16/v1.61/bin/bin/../../lib\libm-elf.a(fixunssfsi.eo) (__funpack)
c:/program files/microchip/xc16/v1.61/bin/bin/../../lib\libm-elf.a(funpack2.eo)
                              c:/program files/microchip/xc16/v1.61/bin/bin/../../lib\libm-elf.a(addsf3.eo) (__funpack2)
c:/program files/microchip/xc16/v1.61/bin/bin/../../lib\libm-elf.a(futil.eo)
                              c:/program files/microchip/xc16/v1.61/bin/bin/../../lib\libm-elf.a(addsf3.eo) (__fPropagateNaN)
c:/program files/microchip/xc16/v1.61/bin/bin/../../lib\libm-elf.a(mulsf3.eo)
                              build/default/production/IOs.o (___mulsf3)
c:/program files/microchip/xc16/v1.61/bin/bin/../../lib\libm-elf.a(powf.eo)
                              build/default/production/UART2.o (_powf)
c:/program files/microchip/xc16/v1.61/bin/bin/../../lib\libm-elf.a(_frexpf.eo)
                              c:/program files/microchip/xc16/v1.61/bin/bin/../../lib\libm-elf.a(powf.eo) (__frexpf)
c:/program files/microchip/xc16/v1.61/bin/bin/../../lib\libm-elf.a(errno.eo)
                              c:/program files/microchip/xc16/v1.61/bin/bin/../../lib\libm-elf.a(powf.eo) (_errno)
c:/program files/microchip/xc16/v1.61/bin/bin/../../lib\libm-elf.a(expf.eo)
                              c:/program files/microchip/xc16/v1.61/bin/bin/../../lib\libm-elf.a(powf.eo) (_expf)
c:/program files/microchip/xc16/v1.61/bin/bin/../../lib\libm-elf.a(fchop.eo)
                              c:/program files/microchip/xc16/v1.61/bin/bin/../../lib\libm-elf.a(powf.eo) (__fchop)
c:/program files/microchip/xc16/v1.61/bin/bin/../../lib\libm-elf.a(feqltle.eo)
                              c:/program files/microchip/xc16/v1.61/bin/bin/../../lib\libm-elf.a(powf.eo) (___eqsf2)
c:/program files/microchip/xc16/v1.61/bin/bin/../../lib\libm-elf.a(fgtge.eo)
                              c:/program files/microchip/xc16/v1.61/bin/bin/../../lib\libm-elf.a(expf.eo) (___gtsf2)
c:/program files/microchip/xc16/v1.61/bin/bin/../../lib\libm-elf.a(fixsfsi.eo)
                              c:/program files/microchip/xc16/v1.61/bin/bin/../../lib\libm-elf.a(powf.eo) (_(float, int, long long, short, float, short, int))
c:/program files/microchip/xc16/v1.61/bin/bin/../../lib\libm-elf.a(floatdisf.eo)
                              c:/program files/microchip/xc16/v1.61/bin/bin/../../lib\libm-elf.a(floatsisf.eo) (___floatdisf)
c:/program files/microchip/xc16/v1.61/bin/bin/../../lib\libm-elf.a(floatundisf.eo)
                              c:/program files/microchip/xc16/v1.61/bin/bin/../../lib\libm-elf.a(floatunsisf.eo) (___floatundisf)
c:/program files/microchip/xc16/v1.61/bin/bin/../../lib\libm-elf.a(ldexpf.eo)
                              c:/program files/microchip/xc16/v1.61/bin/bin/../../lib\libm-elf.a(powf.eo) (_ldexpf)
c:/program files/microchip/xc16/v1.61/bin/bin/../../lib\libm-elf.a(logf.eo)
                              c:/program files/microchip/xc16/v1.61/bin/bin/../../lib\libm-elf.a(powf.eo) (_logf)
c:/program files/microchip/xc16/v1.61/bin/bin/../../lib\libm-elf.a(fcompare.eo)
                              c:/program files/microchip/xc16/v1.61/bin/bin/../../lib\libm-elf.a(feqltle.eo) (__fcompare)
c:/program files/microchip/xc16/v1.61/bin/bin/../../lib\liblega-c-elf.a(strlen.XX_eo)
                              build/default/production/UART2.o (_strlen)
c:/program files/microchip/xc16/v1.61/bin/bin/../../lib\liblega-c-elf.a(sprintf_fF.XXeo)
                              build/default/production/IOs.o (__sprintf_fF)
c:/program files/microchip/xc16/v1.61/bin/bin/../../lib\liblega-c-elf.a(xprintf_fF.XXeo)
                              c:/program files/microchip/xc16/v1.61/bin/bin/../../lib\liblega-c-elf.a(sprintf_fF.XXeo) (___ePrintf_fF)
c:/program files/microchip/xc16/v1.61/bin/bin/../../lib\liblega-c-elf.a(xputfld_fF.XXeo)
                              c:/program files/microchip/xc16/v1.61/bin/bin/../../lib\liblega-c-elf.a(xprintf_fF.XXeo) (___Putfld_fF)
c:/program files/microchip/xc16/v1.61/bin/bin/../../lib\liblega-c-elf.a(xldtob_fF.XXeo)
                              c:/program files/microchip/xc16/v1.61/bin/bin/../../lib\liblega-c-elf.a(xputfld_fF.XXeo) (___Ldtob_fF)
c:/program files/microchip/xc16/v1.61/bin/bin/../../lib\liblega-c-elf.a(xgenld_fF.XXeo)
                              c:/program files/microchip/xc16/v1.61/bin/bin/../../lib\liblega-c-elf.a(xldtob_fF.XXeo) (___Genld_fF)
c:/program files/microchip/xc16/v1.61/bin/bin/../../lib\liblega-c-elf.a(div.XX_eo)
                              c:/program files/microchip/xc16/v1.61/bin/bin/../../lib\liblega-c-elf.a(xgenld_fF.XXeo) (_div)
c:/program files/microchip/xc16/v1.61/bin/bin/../../lib\liblega-c-elf.a(ldiv.XX_eo)
                              c:/program files/microchip/xc16/v1.61/bin/bin/../../lib\liblega-c-elf.a(xldtob_fF.XXeo) (_ldiv)
c:/program files/microchip/xc16/v1.61/bin/bin/../../lib\liblega-c-elf.a(memcpy.XX_eo)
                              c:/program files/microchip/xc16/v1.61/bin/bin/../../lib\liblega-c-elf.a(sprintf_fF.XXeo) (_memcpy)
c:/program files/microchip/xc16/v1.61/bin/bin/../../lib\liblega-c-elf.a(strchr.XX_eo)
                              c:/program files/microchip/xc16/v1.61/bin/bin/../../lib\liblega-c-elf.a(xprintf_fF.XXeo) (_strchr)
c:/program files/microchip/xc16/v1.61/bin/bin/../../lib\liblega-c-elf.a(xldunsca.XX_eo)
                              c:/program files/microchip/xc16/v1.61/bin/bin/../../lib\liblega-c-elf.a(xldtob_fF.XXeo) (__LDunscale)
c:/program files/microchip/xc16/v1.61/bin/bin/../../lib\liblega-c-elf.a(xputtxt.XX_eo)
                              c:/program files/microchip/xc16/v1.61/bin/bin/../../lib\liblega-c-elf.a(xprintf_fF.XXeo) (__Puttxt)
c:/program files/microchip/xc16/v1.61/bin/bin/../../lib\liblega-c-elf.a(xvacopy.XX_eo)
                              c:/program files/microchip/xc16/v1.61/bin/bin/../../lib\liblega-c-elf.a(xprintf_fF.XXeo) (__Vacopy)
c:/program files/microchip/xc16/v1.61/bin/bin/../../lib\liblega-c-elf.a(efwrite.XX_eo)
                              c:/program files/microchip/xc16/v1.61/bin/bin/../../lib\liblega-c-elf.a(xprintf_fF.XXeo) (_efwrite)
c:/program files/microchip/xc16/v1.61/bin/bin/../../lib\liblega-c-elf.a(fflush.XX_elo)
                              c:/program files/microchip/xc16/v1.61/bin/bin/../../lib\liblega-c-elf.a(efwrite.XX_eo) (__DNKfflush)
c:/program files/microchip/xc16/v1.61/bin/bin/../../lib\liblega-c-elf.a(xdnorm.XX_elo)
                              c:/program files/microchip/xc16/v1.61/bin/bin/../../lib\liblega-c-elf.a(xldunsca.XX_eo) (__Dnorm)
c:/program files/microchip/xc16/v1.61/bin/bin/../../lib\liblega-c-elf.a(xfiles.XX_elo)
                              c:/program files/microchip/xc16/v1.61/bin/bin/../../lib\liblega-c-elf.a(fflush.XX_elo) (__Files)
c:/program files/microchip/xc16/v1.61/bin/bin/../../lib\liblega-c-elf.a(xfwprep.XX_eo)
                              c:/program files/microchip/xc16/v1.61/bin/bin/../../lib\liblega-c-elf.a(efwrite.XX_eo) (__Fwprep)
c:/program files/microchip/xc16/v1.61/bin/bin/../../lib\liblega-c-elf.a(fclose.XX_elo)
                              c:/program files/microchip/xc16/v1.61/bin/bin/../../lib\liblega-c-elf.a(xfwprep.XX_eo) (__Closreg)
c:/program files/microchip/xc16/v1.61/bin/bin/../../lib\liblega-c-elf.a(xatexit.XX_elo)
                              c:/program files/microchip/xc16/v1.61/bin/bin/../../lib\liblega-c-elf.a(fclose.XX_elo) (__Atexit)
c:/program files/microchip/xc16/v1.61/bin/bin/../../lib\liblega-c-elf.a(free.XX_eo)
                              c:/program files/microchip/xc16/v1.61/bin/bin/../../lib\liblega-c-elf.a(fclose.XX_elo) (_free)
c:/program files/microchip/xc16/v1.61/bin/bin/../../lib\liblega-c-elf.a(malloc.XX_eo)
                              c:/program files/microchip/xc16/v1.61/bin/bin/../../lib\liblega-c-elf.a(free.XX_eo) (__Aldata)
c:/program files/microchip/xc16/v1.61/bin/bin/../../lib\liblega-c-elf.a(xgetmem.XX_eo)
                              c:/program files/microchip/xc16/v1.61/bin/bin/../../lib\liblega-c-elf.a(malloc.XX_eo) (__Getmem)
c:/program files/microchip/xc16/v1.61/bin/bin/../../lib\liblega-pic30-elf.a(close.Leo)
                              c:/program files/microchip/xc16/v1.61/bin/bin/../../lib\liblega-c-elf.a(fclose.XX_elo) (_close)
c:/program files/microchip/xc16/v1.61/bin/bin/../../lib\liblega-pic30-elf.a(write.Leo)
                              c:/program files/microchip/xc16/v1.61/bin/bin/../../lib\liblega-c-elf.a(fflush.XX_elo) (_write)
c:/program files/microchip/xc16/v1.61/bin/bin/../../lib\liblega-pic30-elf.a(remove.Leo)
                              c:/program files/microchip/xc16/v1.61/bin/bin/../../lib\liblega-c-elf.a(fclose.XX_elo) (_remove)
c:/program files/microchip/xc16/v1.61/bin/bin/../../lib\liblega-pic30-elf.a(sbrk.Leo)
                              c:/program files/microchip/xc16/v1.61/bin/bin/../../lib\liblega-c-elf.a(xgetmem.XX_eo) (_sbrk)
c:/program files/microchip/xc16/v1.61/bin/bin/../../lib\liblega-pic30-elf.a(c30_uart.Leo)
                              c:/program files/microchip/xc16/v1.61/bin/bin/../../lib\liblega-pic30-elf.a(write.Leo) (___C30_UART)
c:/program files/microchip/xc16/v1.61/bin/bin/../../lib\liblega-pic30-elf.a(memcpy_eds.Leo)
                              c:/program files/microchip/xc16/v1.61/bin/bin/../../lib\liblega-c-elf.a(sprintf_fF.XXeo) (__memcpy_eds_3)
c:/program files/microchip/xc16/v1.61/bin/bin/../../lib\liblega-pic30-elf.a(memchr_eds.Leo)
                              c:/program files/microchip/xc16/v1.61/bin/bin/../../lib\liblega-c-elf.a(efwrite.XX_eo) (__memchr_eds)
c:/program files/microchip/xc16/v1.61/bin/bin/../../lib\liblega-pic30-elf.a(brk.Lelo)
                              c:/program files/microchip/xc16/v1.61/bin/bin/../../lib\liblega-pic30-elf.a(sbrk.Leo) (_brk)
c:/program files/microchip/xc16/v1.61/bin/bin/../../lib\libm-elf.a(deqltle.eo)
                              c:/program files/microchip/xc16/v1.61/bin/bin/../../lib\liblega-c-elf.a(xldtob_fF.XXeo) (___ltdf2)
c:/program files/microchip/xc16/v1.61/bin/bin/../../lib\libm-elf.a(dgtge.eo)
                              c:/program files/microchip/xc16/v1.61/bin/bin/../../lib\liblega-c-elf.a(xldtob_fF.XXeo) (___gtdf2)
c:/program files/microchip/xc16/v1.61/bin/bin/../../lib\libm-elf.a(divdf3.eo)
                              c:/program files/microchip/xc16/v1.61/bin/bin/../../lib\liblega-c-elf.a(xldtob_fF.XXeo) (___divdf3)
c:/program files/microchip/xc16/v1.61/bin/bin/../../lib\libm-elf.a(divsi3.eo)
                              c:/program files/microchip/xc16/v1.61/bin/bin/../../lib\liblega-c-elf.a(xldtob_fF.XXeo) (___divsi3)
c:/program files/microchip/xc16/v1.61/bin/bin/../../lib\libm-elf.a(dpack.eo)
                              c:/program files/microchip/xc16/v1.61/bin/bin/../../lib\libm-elf.a(divdf3.eo) (__dpack)
c:/program files/microchip/xc16/v1.61/bin/bin/../../lib\libm-elf.a(dunpack2.eo)
                              c:/program files/microchip/xc16/v1.61/bin/bin/../../lib\libm-elf.a(divdf3.eo) (__dunpack2)
c:/program files/microchip/xc16/v1.61/bin/bin/../../lib\libm-elf.a(extendsfdf.eo)
                              c:/program files/microchip/xc16/v1.61/bin/bin/../../lib\liblega-c-elf.a(xputfld_fF.XXeo) (___extendsfdf2)
c:/program files/microchip/xc16/v1.61/bin/bin/../../lib\libm-elf.a(fixdfsi.eo)
                              c:/program files/microchip/xc16/v1.61/bin/bin/../../lib\liblega-c-elf.a(xldtob_fF.XXeo) (_(float, int, long long, double, float, short, int))
c:/program files/microchip/xc16/v1.61/bin/bin/../../lib\libm-elf.a(floatsidf.eo)
                              c:/program files/microchip/xc16/v1.61/bin/bin/../../lib\liblega-c-elf.a(xldtob_fF.XXeo) (___floatsidf)
c:/program files/microchip/xc16/v1.61/bin/bin/../../lib\libm-elf.a(muldf3.eo)
                              c:/program files/microchip/xc16/v1.61/bin/bin/../../lib\liblega-c-elf.a(xldtob_fF.XXeo) (___muldf3)
c:/program files/microchip/xc16/v1.61/bin/bin/../../lib\libm-elf.a(subdf3.eo)
                              c:/program files/microchip/xc16/v1.61/bin/bin/../../lib\liblega-c-elf.a(xldtob_fF.XXeo) (___subdf3)
c:/program files/microchip/xc16/v1.61/bin/bin/../../lib\libm-elf.a(udivsi3.eo)
                              c:/program files/microchip/xc16/v1.61/bin/bin/../../lib\libm-elf.a(divsi3.eo) (___udivsi3)
c:/program files/microchip/xc16/v1.61/bin/bin/../../lib\libm-elf.a(mulsi3.eo)
                              c:/program files/microchip/xc16/v1.61/bin/bin/../../lib\liblega-c-elf.a(ldiv.XX_eo) (___mulsi3)
c:/program files/microchip/xc16/v1.61/bin/bin/../../lib\libm-elf.a(adddf3.eo)
                              c:/program files/microchip/xc16/v1.61/bin/bin/../../lib\libm-elf.a(subdf3.eo) (___adddf3)
c:/program files/microchip/xc16/v1.61/bin/bin/../../lib\libm-elf.a(dcompare.eo)
                              c:/program files/microchip/xc16/v1.61/bin/bin/../../lib\libm-elf.a(deqltle.eo) (__dcompare)
c:/program files/microchip/xc16/v1.61/bin/bin/../../lib\libm-elf.a(dpropagateNaN.eo)
                              c:/program files/microchip/xc16/v1.61/bin/bin/../../lib\libm-elf.a(dunpack2.eo) (__dPropagateNaN)
c:/program files/microchip/xc16/v1.61/bin/bin/../../lib\libm-elf.a(dtype.eo)
                              c:/program files/microchip/xc16/v1.61/bin/bin/../../lib\libm-elf.a(dcompare.eo) (__dtype)
c:/program files/microchip/xc16/v1.61/bin/bin/../../lib\libm-elf.a(dunpack.eo)
                              c:/program files/microchip/xc16/v1.61/bin/bin/../../lib\libm-elf.a(dunpack2.eo) (__dunpack)
c:/program files/microchip/xc16/v1.61/bin/bin/../../lib\libm-elf.a(floatdidf.eo)
                              c:/program files/microchip/xc16/v1.61/bin/bin/../../lib\libm-elf.a(floatsidf.eo) (___floatdidf)
c:/program files/microchip/xc16/v1.61/bin/bin/../../lib\libm-elf.a(floatundidf.eo)
                              c:/program files/microchip/xc16/v1.61/bin/bin/../../lib\libm-elf.a(floatdidf.eo) (___floatundidf)


xc16-ld 1.61 (B)

Default Code Model: Small
Default Data Model: Small
Default Scalar Model: Small

"program" Memory  [Origin = 0x200, Length = 0x2a00]

section                    address   length (PC units)   length (bytes) (dec)
-------                    -------   -----------------   --------------------
.text                        0x200              0x1d7e          0x2c3d  (11325)
.const                      0x1f7e                0x5e            0x8d  (141)
.text                       0x1fdc               0x1ee           0x2e5  (741)
.dinit                      0x21ca                0xfc           0x17a  (378)
.text                       0x22c6               0x208           0x30c  (780)

                 Total "program" memory used (bytes):         0x3435  (13365) 82%


"data" Memory  [Origin = 0x800, Length = 0x600]

section                    address      alignment gaps    total length  (dec)
-------                    -------      --------------    -------------------
.nbss                        0x800                   0             0x2  (2)
.ndata                       0x802                   0             0x2  (2)
.nbss                        0x804                   0             0x2  (2)
.data                        0x806                   0            0xfa  (250)
.bss                         0x900                   0             0x4  (4)
.data                        0x904                   0             0x2  (2)
.bss                         0x906                   0             0x2  (2)
.data                        0x908                   0             0x4  (4)
.bss                         0x90c                   0             0x2  (2)

                 Total "data" memory used (bytes):          0x10e  (270) 17%


Dynamic Memory Usage

region                     address                      maximum length  (dec)
------                     -------                      ---------------------
heap                             0                                   0  (0)
stack                        0x90e                               0x4f2  (1266)

                 Maximum dynamic memory (bytes):          0x4f2  (1266)

Info: Project is using a large data memory model when small data memory model is sufficient.


External Symbols in Data Memory (by address):

                    0x0800                  _clkval
                    0x0802                  _state
                    0x0806                  __Stdin
                    0x082e                  __Stdout
                    0x0856                  __Stderr
                    0x087e                  __Files
                    0x0900                  __Aldata
                    0x0908                  __Size_block
                    0x090a                  ___C30_UART
                    0x090c                  ___curbrk

External Symbols in Data Memory (by name):

                    0x0900                  __Aldata
                    0x087e                  __Files
                    0x0908                  __Size_block
                    0x0856                  __Stderr
                    0x0806                  __Stdin
                    0x082e                  __Stdout
                    0x090a                  ___C30_UART
                    0x090c                  ___curbrk
                    0x0800                  _clkval
                    0x0802                  _state

External Symbols in Program Memory (by address):

                  0x000200                  __resetPRI
                  0x00023c                  __psv_init
                  0x000252                  __data_init
                  0x000252                  __data_init_standard
                  0x0002dc                  __CNInterrupt
                  0x000328                  __T2Interrupt
                  0x000334                  __U2RXInterrupt
                  0x00033c                  __U2TXInterrupt
                  0x000344                  __DefaultInterrupt
                  0x000434                  ___subsf3
                  0x000436                  ___addsf3
                  0x0004f0                  ___divsf3
                  0x000574                  ___fixunssfsi
                  0x0005aa                  ___floatsisf
                  0x0005b0                  ___floatunsisf
                  0x0005b4                  __fpack
                  0x000600                  __funpack
                  0x00062a                  __funpack2
                  0x00063a                  __fPropagateNaN
                  0x00064c                  __fbopExit
                  0x000654                  __fbopReturnNaN
                  0x00065a                  ___mulsf3
                  0x0006c2                  _powf
                  0x000888                  __frexpf
                  0x0008a2                  _expf
                  0x000966                  __fchop
                  0x0009b4                  ___eqsf2
                  0x0009b4                  ___lesf2
                  0x0009b4                  ___ltsf2
                  0x0009b8                  ___gtsf2
                  0x0009b8                  ___gesf2
                  0x0009bc                  ___fixsfsi
                  0x0009fe                  ___floatdisf
                  0x000a1e                  ___floatundisf
                  0x000a7c                  _ldexpf
                  0x000ac0                  _logf
                  0x000b6e                  __fcompare
                  0x000ba4                  _strlen
                  0x000bb0                  sprintf_fF.XXeo:_eprout
                  0x000bca                  sprintf_fF.XXeo:_prout
                  0x000bd8                  __sprintf_fF
                  0x000bf8                  xprintf_fF.XXeo:_eprout
                  0x000c16                  ___ePrintf_fF
                  0x000d8c                  ___Printf_fF
                  0x000d96                  ___Putfld_fF
                  0x000e3a                  ___Ldtob_fF
                  0x00108a                  ___Genld_fF
                  0x001292                  _div
                  0x0012a8                  _ldiv
                  0x0012d2                  _memcpy
                  0x0012e0                  _strchr
                  0x0012f8                  __LDunscale
                  0x00134c                  __Puttxt
                  0x001500                  __Vacopy
                  0x001504                  _efwrite
                  0x0015dc                  __DNKfflush
                  0x001652                  __Dnorm
                  0x0016ea                  __Fwprep
                  0x00177c                  __Closreg
                  0x00178e                  _fclose
                  0x00181e                  fclose.XX_elo:_closeall
                  0x00183e                  __Atexit
                  0x001856                  _free
                  0x001920                  _malloc
                  0x001974                  __Getmem
                  0x001994                  __memcpy_eds_3
                  0x001994                  __memcpy_eds
                  0x0019ce                  __memchr_eds
                  0x001a04                  ___ledf2
                  0x001a04                  ___eqdf2
                  0x001a04                  ___ltdf2
                  0x001a0e                  ___gtdf2
                  0x001a0e                  ___gedf2
                  0x001a18                  ___divdf3
                  0x001acc                  ___divsi3
                  0x001aea                  __dpack
                  0x001b42                  __dunpack2
                  0x001b64                  __dreturnNaN
                  0x001b6a                  __dunpack2exit
                  0x001b74                  ___extendsfdf2
                  0x001bb2                  ___fixdfsi
                  0x001c0a                  ___floatsidf
                  0x001c10                  ___muldf3
                  0x001cfc                  ___subdf3
                  0x001d00                  ___udivsi3
                  0x001d20                  ___mulsi3
                  0x001d20                  ___mulp32eds3
                  0x001d20                  ___mulp32peds3
                  0x001d2c                  ___adddf3
                  0x001e28                  __dcompare
                  0x001e7a                  __dPropagateNaN
                  0x001e96                  __dtype
                  0x001eba                  __dunpack
                  0x001f08                  ___floatdidf
                  0x001f28                  ___floatundidf
                  0x001f7e                  _Omega
                  0x001fdc                  _InitUART2
                  0x002044                  _XmitUART2
                  0x00207c                  _Disp2Hex
                  0x0020da                  _Disp2Hex32
                  0x002148                  _Disp2Dec
                  0x0021a8                  _Disp2String
                  0x0022c6                  _IOinit
                  0x0022f0                  _IOCheck
                  0x002392                  _NewClk
                  0x002406                  _do_ADC
                  0x002474                  _TMR2config
                  0x002498                  _delay_ms
                  0x0024ac                  _main

External Symbols in Program Memory (by name):

                  0x002148                  _Disp2Dec
                  0x00207c                  _Disp2Hex
                  0x0020da                  _Disp2Hex32
                  0x0021a8                  _Disp2String
                  0x0022f0                  _IOCheck
                  0x0022c6                  _IOinit
                  0x001fdc                  _InitUART2
                  0x002392                  _NewClk
                  0x001f7e                  _Omega
                  0x002474                  _TMR2config
                  0x002044                  _XmitUART2
                  0x00183e                  __Atexit
                  0x0002dc                  __CNInterrupt
                  0x00177c                  __Closreg
                  0x0015dc                  __DNKfflush
                  0x000344                  __DefaultInterrupt
                  0x001652                  __Dnorm
                  0x0016ea                  __Fwprep
                  0x001974                  __Getmem
                  0x0012f8                  __LDunscale
                  0x00134c                  __Puttxt
                  0x000328                  __T2Interrupt
                  0x000334                  __U2RXInterrupt
                  0x00033c                  __U2TXInterrupt
                  0x001500                  __Vacopy
                  0x00108a                  ___Genld_fF
                  0x000e3a                  ___Ldtob_fF
                  0x000d8c                  ___Printf_fF
                  0x000d96                  ___Putfld_fF
                  0x001d2c                  ___adddf3
                  0x000436                  ___addsf3
                  0x001a18                  ___divdf3
                  0x0004f0                  ___divsf3
                  0x001acc                  ___divsi3
                  0x000c16                  ___ePrintf_fF
                  0x001a04                  ___eqdf2
                  0x0009b4                  ___eqsf2
                  0x001b74                  ___extendsfdf2
                  0x001bb2                  ___fixdfsi
                  0x0009bc                  ___fixsfsi
                  0x000574                  ___fixunssfsi
                  0x001f08                  ___floatdidf
                  0x0009fe                  ___floatdisf
                  0x001c0a                  ___floatsidf
                  0x0005aa                  ___floatsisf
                  0x001f28                  ___floatundidf
                  0x000a1e                  ___floatundisf
                  0x0005b0                  ___floatunsisf
                  0x001a0e                  ___gedf2
                  0x0009b8                  ___gesf2
                  0x001a0e                  ___gtdf2
                  0x0009b8                  ___gtsf2
                  0x001a04                  ___ledf2
                  0x0009b4                  ___lesf2
                  0x001a04                  ___ltdf2
                  0x0009b4                  ___ltsf2
                  0x001c10                  ___muldf3
                  0x001d20                  ___mulp32eds3
                  0x001d20                  ___mulp32peds3
                  0x00065a                  ___mulsf3
                  0x001d20                  ___mulsi3
                  0x001cfc                  ___subdf3
                  0x000434                  ___subsf3
                  0x001d00                  ___udivsi3
                  0x001e7a                  __dPropagateNaN
                  0x000252                  __data_init
                  0x000252                  __data_init_standard
                  0x001e28                  __dcompare
                  0x001aea                  __dpack
                  0x001b64                  __dreturnNaN
                  0x001e96                  __dtype
                  0x001eba                  __dunpack
                  0x001b42                  __dunpack2
                  0x001b6a                  __dunpack2exit
                  0x00063a                  __fPropagateNaN
                  0x00064c                  __fbopExit
                  0x000654                  __fbopReturnNaN
                  0x000966                  __fchop
                  0x000b6e                  __fcompare
                  0x0005b4                  __fpack
                  0x000888                  __frexpf
                  0x000600                  __funpack
                  0x00062a                  __funpack2
                  0x0019ce                  __memchr_eds
                  0x001994                  __memcpy_eds
                  0x001994                  __memcpy_eds_3
                  0x00023c                  __psv_init
                  0x000200                  __resetPRI
                  0x000bd8                  __sprintf_fF
                  0x002498                  _delay_ms
                  0x001292                  _div
                  0x002406                  _do_ADC
                  0x001504                  _efwrite
                  0x0008a2                  _expf
                  0x00178e                  _fclose
                  0x001856                  _free
                  0x000a7c                  _ldexpf
                  0x0012a8                  _ldiv
                  0x000ac0                  _logf
                  0x0024ac                  _main
                  0x001920                  _malloc
                  0x0012d2                  _memcpy
                  0x0006c2                  _powf
                  0x0012e0                  _strchr
                  0x000ba4                  _strlen
                  0x00181e                  fclose.XX_elo:_closeall
                  0x000bb0                  sprintf_fF.XXeo:_eprout
                  0x000bca                  sprintf_fF.XXeo:_prout
                  0x000bf8                  xprintf_fF.XXeo:_eprout

Memory Configuration

Name             Origin             Length             Attributes
data             0x000800           0x000600           a !xr
reset            0x000000           0x000004  
ivt              0x000004           0x0000fc  
_reserved        0x000100           0x000004  
aivt             0x000104           0x0000fc  
program          0x000200           0x002a00           xr
eedata           0x7ffe00           0x000200  
FBS              0xf80000           0x000002  
FGS              0xf80004           0x000002  
FOSCSEL          0xf80006           0x000002  
FOSC             0xf80008           0x000002  
FWDT             0xf8000a           0x000002  
FPOR             0xf8000c           0x000002  
FICD             0xf8000e           0x000002  
FDS              0xf80010           0x000002  
*default*        0x000000           0xffffffff  

Linker script and memory map

LOAD build/default/production/ADC.o
LOAD build/default/production/ChangeClk.o
LOAD build/default/production/IOs.o
LOAD build/default/production/TimeDelay.o
LOAD build/default/production/UART2.o
LOAD build/default/production/main.o
                    0x0001                  __MPLAB_BUILD = 0x1
LOAD pPIC24Fxxx
LOAD c:/program files/microchip/xc16/v1.61/bin/bin/../../lib\libfx-elf.a
                    0xf80000                  __FBS = 0xf80000
                    0xf80004                  __FGS = 0xf80004
                    0xf80006                  __FOSCSEL = 0xf80006
                    0xf80008                  __FOSC = 0xf80008
                    0xf8000a                  __FWDT = 0xf8000a
                    0xf8000c                  __FPOR = 0xf8000c
                    0xf8000e                  __FICD = 0xf8000e
                    0xf80010                  __FDS = 0xf80010
                    0x0001                  __NO_HANDLES = 0x1
                    0x0200                  __CODE_BASE = 0x200
                    0x2a00                  __CODE_LENGTH = 0x2a00
                    0x0004                  __IVT_BASE = 0x4
                    0x0104                  __AIVT_BASE = 0x104
                    0x0800                  __DATA_BASE = 0x800
                    0x0600                  __DATA_LENGTH = 0x600

.reset            0x000000          0x4
                  0x000000          0x2 SHORT 0x200 ABSOLUTE (__reset)
                  0x000001          0x2 SHORT 0x4
                  0x000002          0x2 SHORT 0x0 ((ABSOLUTE (__reset) >> 0x10) & 0x7f)
                  0x000003          0x2 SHORT 0x0

.text             0x000200       0x1d7e
 *(.init)
 .init            0x000200         0x4c c:/program files/microchip/xc16/v1.61/bin/bin/../../lib\liblega-pic30-elf.a(crt0_standard.o)
                  0x000200                  __resetPRI
                  0x000200                  __reset
                  0x00023c                  __psv_init
 .init            0x00024c         0x7c c:/program files/microchip/xc16/v1.61/bin/bin/../../lib\liblega-pic30-elf.a(data_init_standard.o)
                  0x000252                  __data_init_standard
                  0x000252                  __data_init
 *(.user_init)
 *(.handle)
 *(.isr*)
 .isr.text        0x0002dc         0x4c build/default/production/IOs.o
                  0x0002dc                  __CNInterrupt
 .isr.text        0x000328          0xc build/default/production/TimeDelay.o
                  0x000328                  __T2Interrupt
 .isr.text        0x000334         0x10 build/default/production/UART2.o
                  0x000334                  __U2RXInterrupt
                  0x00033c                  __U2TXInterrupt
 .isr             0x000344          0x4 default_isr
                  0x000344                  __DefaultInterrupt
 *(.libc)
 .libc            0x000348         0x12 c:/program files/microchip/xc16/v1.61/bin/bin/../../lib\liblega-pic30-elf.a(close.Leo)
                  0x000348                  _close
 .libc            0x00035a         0x84 c:/program files/microchip/xc16/v1.61/bin/bin/../../lib\liblega-pic30-elf.a(write.Leo)
                  0x00035a                  _write
 .libc            0x0003de         0x12 c:/program files/microchip/xc16/v1.61/bin/bin/../../lib\liblega-pic30-elf.a(remove.Leo)
                  0x0003de                  _remove
 .libc            0x0003f0         0x28 c:/program files/microchip/xc16/v1.61/bin/bin/../../lib\liblega-pic30-elf.a(sbrk.Leo)
                  0x0003f0                  _sbrk
 .libc            0x000418         0x1a c:/program files/microchip/xc16/v1.61/bin/bin/../../lib\liblega-pic30-elf.a(brk.Lelo)
                  0x000418                  _brk
 *(.libm)
 *(.libdsp)
 *(.lib*)
 .libpic30_crt_start_mode
                  0x000432          0x2 c:/program files/microchip/xc16/v1.61/bin/bin/../../lib\liblega-pic30-elf.a(crt_start_mode_normal.Leo)
                  0x000432                  __crt_start_mode
                  0x000432                  __crt_start_mode_normal
 .libm.subsf3     0x000434         0xbc c:/program files/microchip/xc16/v1.61/bin/bin/../../lib\libm-elf.a(addsf3.eo)
                  0x000434                  ___subsf3
                  0x000436                  ___addsf3
 .libm.divfs3     0x0004f0         0x84 c:/program files/microchip/xc16/v1.61/bin/bin/../../lib\libm-elf.a(divsf3.eo)
                  0x0004f0                  ___divsf3
 .libm.fixunssfsi
                  0x000574         0x36 c:/program files/microchip/xc16/v1.61/bin/bin/../../lib\libm-elf.a(fixunssfsi.eo)
                  0x000574                  ___fixunssfsi
 .libm.floatsisf
                  0x0005aa          0x6 c:/program files/microchip/xc16/v1.61/bin/bin/../../lib\libm-elf.a(floatsisf.eo)
                  0x0005aa                  ___floatsisf
 .libm.floatunsisf
                  0x0005b0          0x4 c:/program files/microchip/xc16/v1.61/bin/bin/../../lib\libm-elf.a(floatunsisf.eo)
                  0x0005b0                  ___floatunsisf
 .libm.fpack      0x0005b4         0x4c c:/program files/microchip/xc16/v1.61/bin/bin/../../lib\libm-elf.a(fpack.eo)
                  0x0005b4                  __fpack
 .libm.funpack    0x000600         0x2a c:/program files/microchip/xc16/v1.61/bin/bin/../../lib\libm-elf.a(funpack.eo)
                  0x000600                  __funpack
 .libm.funpack2
                  0x00062a         0x10 c:/program files/microchip/xc16/v1.61/bin/bin/../../lib\libm-elf.a(funpack2.eo)
                  0x00062a                  __funpack2
 .libm.fPropagateNaN
                  0x00063a         0x12 c:/program files/microchip/xc16/v1.61/bin/bin/../../lib\libm-elf.a(futil.eo)
                  0x00063a                  __fPropagateNaN
 .libm.fbobExit
                  0x00064c          0x8 c:/program files/microchip/xc16/v1.61/bin/bin/../../lib\libm-elf.a(futil.eo)
                  0x00064c                  __fbopExit
 .libm.fbopReturnNaN
                  0x000654          0x6 c:/program files/microchip/xc16/v1.61/bin/bin/../../lib\libm-elf.a(futil.eo)
                  0x000654                  __fbopReturnNaN
 .libm.mulsf3     0x00065a         0x68 c:/program files/microchip/xc16/v1.61/bin/bin/../../lib\libm-elf.a(mulsf3.eo)
                  0x00065a                  ___mulsf3
 .libm.powf       0x0006c2        0x1c6 c:/program files/microchip/xc16/v1.61/bin/bin/../../lib\libm-elf.a(powf.eo)
                  0x0006c2                  _powf
 .libm.frexpf     0x000888         0x1a c:/program files/microchip/xc16/v1.61/bin/bin/../../lib\libm-elf.a(_frexpf.eo)
                  0x000888                  __frexpf
 .libm.expf       0x0008a2         0xc4 c:/program files/microchip/xc16/v1.61/bin/bin/../../lib\libm-elf.a(expf.eo)
                  0x0008a2                  _expf
 .libm.fchop      0x000966         0x4e c:/program files/microchip/xc16/v1.61/bin/bin/../../lib\libm-elf.a(fchop.eo)
                  0x000966                  __fchop
 .libm.eqsf2      0x0009b4          0x4 c:/program files/microchip/xc16/v1.61/bin/bin/../../lib\libm-elf.a(feqltle.eo)
                  0x0009b4                  ___eqsf2
                  0x0009b4                  ___ltsf2
                  0x0009b4                  ___lesf2
 .libm.gtsf2      0x0009b8          0x4 c:/program files/microchip/xc16/v1.61/bin/bin/../../lib\libm-elf.a(fgtge.eo)
                  0x0009b8                  ___gesf2
                  0x0009b8                  ___gtsf2
 .libm.fixsfsi    0x0009bc         0x42 c:/program files/microchip/xc16/v1.61/bin/bin/../../lib\libm-elf.a(fixsfsi.eo)
                  0x0009bc                  _(float, int, long long, short, float, short, int)
 .libm.floatdisf
                  0x0009fe         0x20 c:/program files/microchip/xc16/v1.61/bin/bin/../../lib\libm-elf.a(floatdisf.eo)
                  0x0009fe                  ___floatdisf
 .libm.floatundisf
                  0x000a1e         0x5e c:/program files/microchip/xc16/v1.61/bin/bin/../../lib\libm-elf.a(floatundisf.eo)
                  0x000a1e                  ___floatundisf
 .libm.ldexpf     0x000a7c         0x44 c:/program files/microchip/xc16/v1.61/bin/bin/../../lib\libm-elf.a(ldexpf.eo)
                  0x000a7c                  _ldexpf
 .libm.logf       0x000ac0         0xae c:/program files/microchip/xc16/v1.61/bin/bin/../../lib\libm-elf.a(logf.eo)
                  0x000ac0                  _logf
 .libm.fcompare
                  0x000b6e         0x36 c:/program files/microchip/xc16/v1.61/bin/bin/../../lib\libm-elf.a(fcompare.eo)
                  0x000b6e                  __fcompare
 .libc.strlen     0x000ba4          0xc c:/program files/microchip/xc16/v1.61/bin/bin/../../lib\liblega-c-elf.a(strlen.XX_eo)
                  0x000ba4                  _strlen
 .libc.eprout     0x000bb0         0x1a c:/program files/microchip/xc16/v1.61/bin/bin/../../lib\liblega-c-elf.a(sprintf_fF.XXeo)
                  0x000bb0                  sprintf_fF.XXeo:_eprout
 .libc.prout      0x000bca          0xe c:/program files/microchip/xc16/v1.61/bin/bin/../../lib\liblega-c-elf.a(sprintf_fF.XXeo)
                  0x000bca                  sprintf_fF.XXeo:_prout
 .libc._sprintf_fF
                  0x000bd8         0x20 c:/program files/microchip/xc16/v1.61/bin/bin/../../lib\liblega-c-elf.a(sprintf_fF.XXeo)
                  0x000bd8                  __sprintf_fF
 .libc.eprout     0x000bf8         0x1e c:/program files/microchip/xc16/v1.61/bin/bin/../../lib\liblega-c-elf.a(xprintf_fF.XXeo)
                  0x000bf8                  xprintf_fF.XXeo:_eprout
 .libc.__ePrintf_fF
                  0x000c16        0x176 c:/program files/microchip/xc16/v1.61/bin/bin/../../lib\liblega-c-elf.a(xprintf_fF.XXeo)
                  0x000c16                  ___ePrintf_fF
 .libc.__Printf_fF
                  0x000d8c          0xa c:/program files/microchip/xc16/v1.61/bin/bin/../../lib\liblega-c-elf.a(xprintf_fF.XXeo)
                  0x000d8c                  ___Printf_fF
 .libc.__Putfld_fF
                  0x000d96         0xa4 c:/program files/microchip/xc16/v1.61/bin/bin/../../lib\liblega-c-elf.a(xputfld_fF.XXeo)
                  0x000d96                  ___Putfld_fF
 .libc.__Ldtob_fF
                  0x000e3a        0x250 c:/program files/microchip/xc16/v1.61/bin/bin/../../lib\liblega-c-elf.a(xldtob_fF.XXeo)
                  0x000e3a                  ___Ldtob_fF
 .libc.__Genld_fF
                  0x00108a        0x208 c:/program files/microchip/xc16/v1.61/bin/bin/../../lib\liblega-c-elf.a(xgenld_fF.XXeo)
                  0x00108a                  ___Genld_fF
 .libc.div        0x001292         0x16 c:/program files/microchip/xc16/v1.61/bin/bin/../../lib\liblega-c-elf.a(div.XX_eo)
                  0x001292                  _div
 .libc.ldiv       0x0012a8         0x2a c:/program files/microchip/xc16/v1.61/bin/bin/../../lib\liblega-c-elf.a(ldiv.XX_eo)
                  0x0012a8                  _ldiv
 .libc.memcpy     0x0012d2          0xe c:/program files/microchip/xc16/v1.61/bin/bin/../../lib\liblega-c-elf.a(memcpy.XX_eo)
                  0x0012d2                  _memcpy
 .libc.strchr     0x0012e0         0x18 c:/program files/microchip/xc16/v1.61/bin/bin/../../lib\liblega-c-elf.a(strchr.XX_eo)
                  0x0012e0                  _strchr
 .libc._LDunscale
                  0x0012f8         0x54 c:/program files/microchip/xc16/v1.61/bin/bin/../../lib\liblega-c-elf.a(xldunsca.XX_eo)
                  0x0012f8                  __LDunscale
 .libc._Puttxt    0x00134c        0x1b4 c:/program files/microchip/xc16/v1.61/bin/bin/../../lib\liblega-c-elf.a(xputtxt.XX_eo)
                  0x00134c                  __Puttxt
 .libc._Vacopy    0x001500          0x4 c:/program files/microchip/xc16/v1.61/bin/bin/../../lib\liblega-c-elf.a(xvacopy.XX_eo)
                  0x001500                  __Vacopy
 .libc.efwrite    0x001504         0xd8 c:/program files/microchip/xc16/v1.61/bin/bin/../../lib\liblega-c-elf.a(efwrite.XX_eo)
                  0x001504                  _efwrite
 .libc._DNKfflush
                  0x0015dc         0x76 c:/program files/microchip/xc16/v1.61/bin/bin/../../lib\liblega-c-elf.a(fflush.XX_elo)
                  0x0015dc                  __DNKfflush
 .libc._Dnorm     0x001652         0x98 c:/program files/microchip/xc16/v1.61/bin/bin/../../lib\liblega-c-elf.a(xdnorm.XX_elo)
                  0x001652                  __Dnorm
 .libc._Fwprep    0x0016ea         0x8e c:/program files/microchip/xc16/v1.61/bin/bin/../../lib\liblega-c-elf.a(xfwprep.XX_eo)
                  0x0016ea                  __Fwprep
 .libc.closeallreg
                  0x001778          0x4 c:/program files/microchip/xc16/v1.61/bin/bin/../../lib\liblega-c-elf.a(fclose.XX_elo)
 .libc._Closreg
                  0x00177c         0x12 c:/program files/microchip/xc16/v1.61/bin/bin/../../lib\liblega-c-elf.a(fclose.XX_elo)
                  0x00177c                  __Closreg
 .libc.fclose     0x00178e         0x90 c:/program files/microchip/xc16/v1.61/bin/bin/../../lib\liblega-c-elf.a(fclose.XX_elo)
                  0x00178e                  _fclose
 .libc.closeall
                  0x00181e         0x20 c:/program files/microchip/xc16/v1.61/bin/bin/../../lib\liblega-c-elf.a(fclose.XX_elo)
                  0x00181e                  fclose.XX_elo:_closeall
 .libc._Atexit    0x00183e         0x18 c:/program files/microchip/xc16/v1.61/bin/bin/../../lib\liblega-c-elf.a(xatexit.XX_elo)
                  0x00183e                  __Atexit
 .libc.free       0x001856         0x64 c:/program files/microchip/xc16/v1.61/bin/bin/../../lib\liblega-c-elf.a(free.XX_eo)
                  0x001856                  _free
 .libc.findmem    0x0018ba         0x66 c:/program files/microchip/xc16/v1.61/bin/bin/../../lib\liblega-c-elf.a(malloc.XX_eo)
 .libc.malloc     0x001920         0x54 c:/program files/microchip/xc16/v1.61/bin/bin/../../lib\liblega-c-elf.a(malloc.XX_eo)
                  0x001920                  _malloc
 .libc._Getmem    0x001974         0x14 c:/program files/microchip/xc16/v1.61/bin/bin/../../lib\liblega-c-elf.a(xgetmem.XX_eo)
                  0x001974                  __Getmem
 .libc.doclose    0x001988          0x4 c:/program files/microchip/xc16/v1.61/bin/bin/../../lib\liblega-pic30-elf.a(close.Leo)
 .libc.dowrite    0x00198c          0x4 c:/program files/microchip/xc16/v1.61/bin/bin/../../lib\liblega-pic30-elf.a(write.Leo)
 .libc.doremove
                  0x001990          0x4 c:/program files/microchip/xc16/v1.61/bin/bin/../../lib\liblega-pic30-elf.a(remove.Leo)
 .libc.memcpy_eds
                  0x001994         0x3a c:/program files/microchip/xc16/v1.61/bin/bin/../../lib\liblega-pic30-elf.a(memcpy_eds.Leo)
                  0x001994                  __memcpy_eds_3
                  0x001994                  __memcpy_eds
 .libc._memchr_eds
                  0x0019ce         0x36 c:/program files/microchip/xc16/v1.61/bin/bin/../../lib\liblega-pic30-elf.a(memchr_eds.Leo)
                  0x0019ce                  __memchr_eds
 .libm.eqdf2      0x001a04          0xa c:/program files/microchip/xc16/v1.61/bin/bin/../../lib\libm-elf.a(deqltle.eo)
                  0x001a04                  ___eqdf2
                  0x001a04                  ___ltdf2
                  0x001a04                  ___ledf2
 .libm.gtdf2      0x001a0e          0xa c:/program files/microchip/xc16/v1.61/bin/bin/../../lib\libm-elf.a(dgtge.eo)
                  0x001a0e                  ___gtdf2
                  0x001a0e                  ___gedf2
 .libm.divdf3     0x001a18         0xb4 c:/program files/microchip/xc16/v1.61/bin/bin/../../lib\libm-elf.a(divdf3.eo)
                  0x001a18                  ___divdf3
 .libm.divsi3     0x001acc         0x1e c:/program files/microchip/xc16/v1.61/bin/bin/../../lib\libm-elf.a(divsi3.eo)
                  0x001acc                  ___divsi3
 .libm.dpack      0x001aea         0x58 c:/program files/microchip/xc16/v1.61/bin/bin/../../lib\libm-elf.a(dpack.eo)
                  0x001aea                  __dpack
 .libm.dunpack2
                  0x001b42         0x32 c:/program files/microchip/xc16/v1.61/bin/bin/../../lib\libm-elf.a(dunpack2.eo)
                  0x001b42                  __dunpack2
                  0x001b64                  __dreturnNaN
                  0x001b6a                  __dunpack2exit
 .libm.extendsfdf2
                  0x001b74         0x3e c:/program files/microchip/xc16/v1.61/bin/bin/../../lib\libm-elf.a(extendsfdf.eo)
                  0x001b74                  ___extendsfdf2
 .libm.fixdfsi    0x001bb2         0x58 c:/program files/microchip/xc16/v1.61/bin/bin/../../lib\libm-elf.a(fixdfsi.eo)
                  0x001bb2                  _(float, int, long long, double, float, short, int)
 .libm.floatsidf
                  0x001c0a          0x6 c:/program files/microchip/xc16/v1.61/bin/bin/../../lib\libm-elf.a(floatsidf.eo)
                  0x001c0a                  ___floatsidf
 .libm.muldf3     0x001c10         0xec c:/program files/microchip/xc16/v1.61/bin/bin/../../lib\libm-elf.a(muldf3.eo)
                  0x001c10                  ___muldf3
 .libm.subdf3     0x001cfc          0x4 c:/program files/microchip/xc16/v1.61/bin/bin/../../lib\libm-elf.a(subdf3.eo)
                  0x001cfc                  ___subdf3
 .libm.udivsi3    0x001d00         0x20 c:/program files/microchip/xc16/v1.61/bin/bin/../../lib\libm-elf.a(udivsi3.eo)
                  0x001d00                  ___udivsi3
 .libm.mulsi3     0x001d20          0xc c:/program files/microchip/xc16/v1.61/bin/bin/../../lib\libm-elf.a(mulsi3.eo)
                  0x001d20                  ___mulp32peds3
                  0x001d20                  ___mulsi3
                  0x001d20                  ___mulp32eds3
 .libm.adddf3     0x001d2c         0xfc c:/program files/microchip/xc16/v1.61/bin/bin/../../lib\libm-elf.a(adddf3.eo)
                  0x001d2c                  ___adddf3
 .libm.dcompare
                  0x001e28         0x52 c:/program files/microchip/xc16/v1.61/bin/bin/../../lib\libm-elf.a(dcompare.eo)
                  0x001e28                  __dcompare
 .libm.dPropagateNaN
                  0x001e7a         0x1c c:/program files/microchip/xc16/v1.61/bin/bin/../../lib\libm-elf.a(dpropagateNaN.eo)
                  0x001e7a                  __dPropagateNaN
 .libm.dtype      0x001e96         0x24 c:/program files/microchip/xc16/v1.61/bin/bin/../../lib\libm-elf.a(dtype.eo)
                  0x001e96                  __dtype
 .libm.dunpack    0x001eba         0x4e c:/program files/microchip/xc16/v1.61/bin/bin/../../lib\libm-elf.a(dunpack.eo)
                  0x001eba                  __dunpack
 .libm.floatdidf
                  0x001f08         0x20 c:/program files/microchip/xc16/v1.61/bin/bin/../../lib\libm-elf.a(floatdidf.eo)
                  0x001f08                  ___floatdidf
 .libm.floatundidf
                  0x001f28         0x56 c:/program files/microchip/xc16/v1.61/bin/bin/../../lib\libm-elf.a(floatundidf.eo)
                  0x001f28                  ___floatundidf

usercode
 *(usercode)

__FBS
 *(__FBS.sec*)

__FGS
 *(__FGS.sec*)

__FOSCSEL
 *(__FOSCSEL.sec*)

__FOSC
 *(__FOSC.sec*)

__FWDT
 *(__FWDT.sec*)

__FPOR
 *(__FPOR.sec*)

__FICD
 *(__FICD.sec*)

__FDS
 *(__FDS.sec*)

.comment          0x000000         0x5e
 *(.comment)
 .comment         0x000000         0x5e c:/program files/microchip/xc16/v1.61/bin/bin/../../lib\liblega-c-elf.a(xfiles.XX_elo)

.debug_info       0x000000       0x3175
 *(.debug_info)
 .debug_info      0x000000        0x799 build/default/production/ADC.o
 .debug_info      0x000799        0x544 build/default/production/ChangeClk.o
 .debug_info      0x000cdd        0xe9c build/default/production/IOs.o
 .debug_info      0x001b79        0x61a build/default/production/TimeDelay.o
 .debug_info      0x002193        0xe6a build/default/production/UART2.o
 .debug_info      0x002ffd        0x178 build/default/production/main.o
 *(.gnu.linkonce.wi.*)

.debug_abbrev     0x000000        0x5c1
 *(.debug_abbrev)
 .debug_abbrev    0x000000         0xd6 build/default/production/ADC.o
 .debug_abbrev    0x0000d6        0x123 build/default/production/ChangeClk.o
 .debug_abbrev    0x0001f9        0x164 build/default/production/IOs.o
 .debug_abbrev    0x00035d         0xeb build/default/production/TimeDelay.o
 .debug_abbrev    0x000448        0x114 build/default/production/UART2.o
 .debug_abbrev    0x00055c         0x65 build/default/production/main.o

.debug_line       0x000000        0x6a0
 *(.debug_line)
 .debug_line      0x000000        0x116 build/default/production/ADC.o
 .debug_line      0x000116        0x115 build/default/production/ChangeClk.o
 .debug_line      0x00022b        0x145 build/default/production/IOs.o
 .debug_line      0x000370        0x127 build/default/production/TimeDelay.o
 .debug_line      0x000497        0x17d build/default/production/UART2.o
 .debug_line      0x000614         0x8c build/default/production/main.o

.debug_frame      0x000000        0x274
 *(.debug_frame)
 .debug_frame     0x000000         0x2e build/default/production/ADC.o
 .debug_frame     0x00002e         0x2e build/default/production/ChangeClk.o
 .debug_frame     0x00005c         0x9c build/default/production/IOs.o
 .debug_frame     0x0000f8         0x62 build/default/production/TimeDelay.o
 .debug_frame     0x00015a         0xec build/default/production/UART2.o
 .debug_frame     0x000246         0x2e build/default/production/main.o

.debug_str        0x000000        0x12c
 *(.debug_str)
 .debug_str       0x000000         0x38 build/default/production/ADC.o
 .debug_str       0x000038         0x16 build/default/production/ChangeClk.o
 .debug_str       0x00004e         0x6b build/default/production/IOs.o
 .debug_str       0x0000b9         0x25 build/default/production/TimeDelay.o
 .debug_str       0x0000de         0x4e build/default/production/UART2.o

.debug_loc
 *(.debug_loc)

.debug_macinfo
 *(.debug_macinfo)

.debug_pubnames
                  0x000000        0x17a
 *(.debug_pubnames)
 .debug_pubnames
                  0x000000         0x1d build/default/production/ADC.o
 .debug_pubnames
                  0x00001d         0x1d build/default/production/ChangeClk.o
 .debug_pubnames
                  0x00003a         0x44 build/default/production/IOs.o
 .debug_pubnames
                  0x00007e         0x3f build/default/production/TimeDelay.o
 .debug_pubnames
                  0x0000bd         0x98 build/default/production/UART2.o
 .debug_pubnames
                  0x000155         0x25 build/default/production/main.o

.debug_ranges
 *(.debug_ranges)

.debug_aranges    0x000000         0x90
 *(.debug_aranges)
 .debug_aranges
                  0x000000         0x18 build/default/production/ADC.o
 .debug_aranges
                  0x000018         0x18 build/default/production/ChangeClk.o
 .debug_aranges
                  0x000030         0x18 build/default/production/IOs.o
 .debug_aranges
                  0x000048         0x18 build/default/production/TimeDelay.o
 .debug_aranges
                  0x000060         0x18 build/default/production/UART2.o
 .debug_aranges
                  0x000078         0x18 build/default/production/main.o
                    0x0000                  WREG0 = 0x0
                    0x0000                  _WREG0 = 0x0
                    0x0002                  WREG1 = 0x2
                    0x0002                  _WREG1 = 0x2
                    0x0004                  WREG2 = 0x4
                    0x0004                  _WREG2 = 0x4
                    0x0006                  WREG3 = 0x6
                    0x0006                  _WREG3 = 0x6
                    0x0008                  WREG4 = 0x8
                    0x0008                  _WREG4 = 0x8
                    0x000a                  WREG5 = 0xa
                    0x000a                  _WREG5 = 0xa
                    0x000c                  WREG6 = 0xc
                    0x000c                  _WREG6 = 0xc
                    0x000e                  WREG7 = 0xe
                    0x000e                  _WREG7 = 0xe
                    0x0010                  WREG8 = 0x10
                    0x0010                  _WREG8 = 0x10
                    0x0012                  WREG9 = 0x12
                    0x0012                  _WREG9 = 0x12
                    0x0014                  WREG10 = 0x14
                    0x0014                  _WREG10 = 0x14
                    0x0016                  WREG11 = 0x16
                    0x0016                  _WREG11 = 0x16
                    0x0018                  WREG12 = 0x18
                    0x0018                  _WREG12 = 0x18
                    0x001a                  WREG13 = 0x1a
                    0x001a                  _WREG13 = 0x1a
                    0x001c                  WREG14 = 0x1c
                    0x001c                  _WREG14 = 0x1c
                    0x001e                  WREG15 = 0x1e
                    0x001e                  _WREG15 = 0x1e
                    0x0020                  SPLIM = 0x20
                    0x0020                  _SPLIM = 0x20
                    0x002e                  PCL = 0x2e
                    0x002e                  _PCL = 0x2e
                    0x0030                  PCH = 0x30
                    0x0030                  _PCH = 0x30
                    0x0032                  TBLPAG = 0x32
                    0x0032                  _TBLPAG = 0x32
                    0x0034                  PSVPAG = 0x34
                    0x0034                  _PSVPAG = 0x34
                    0x0036                  RCOUNT = 0x36
                    0x0036                  _RCOUNT = 0x36
                    0x0042                  SR = 0x42
                    0x0042                  _SR = 0x42
                    0x0042                  _SRbits = 0x42
                    0x0044                  CORCON = 0x44
                    0x0044                  _CORCON = 0x44
                    0x0044                  _CORCONbits = 0x44
                    0x0052                  DISICNT = 0x52
                    0x0052                  _DISICNT = 0x52
                    0x0060                  CNEN1 = 0x60
                    0x0060                  _CNEN1 = 0x60
                    0x0060                  _CNEN1bits = 0x60
                    0x0062                  CNEN2 = 0x62
                    0x0062                  _CNEN2 = 0x62
                    0x0062                  _CNEN2bits = 0x62
                    0x0068                  CNPU1 = 0x68
                    0x0068                  _CNPU1 = 0x68
                    0x0068                  _CNPU1bits = 0x68
                    0x006a                  CNPU2 = 0x6a
                    0x006a                  _CNPU2 = 0x6a
                    0x006a                  _CNPU2bits = 0x6a
                    0x0070                  CNPD1 = 0x70
                    0x0070                  _CNPD1 = 0x70
                    0x0070                  _CNPD1bits = 0x70
                    0x0072                  CNPD2 = 0x72
                    0x0072                  _CNPD2 = 0x72
                    0x0072                  _CNPD2bits = 0x72
                    0x0080                  INTCON1 = 0x80
                    0x0080                  _INTCON1 = 0x80
                    0x0080                  _INTCON1bits = 0x80
                    0x0082                  INTCON2 = 0x82
                    0x0082                  _INTCON2 = 0x82
                    0x0082                  _INTCON2bits = 0x82
                    0x0084                  IFS0 = 0x84
                    0x0084                  _IFS0 = 0x84
                    0x0084                  _IFS0bits = 0x84
                    0x0086                  IFS1 = 0x86
                    0x0086                  _IFS1 = 0x86
                    0x0086                  _IFS1bits = 0x86
                    0x008a                  IFS3 = 0x8a
                    0x008a                  _IFS3 = 0x8a
                    0x008a                  _IFS3bits = 0x8a
                    0x008c                  IFS4 = 0x8c
                    0x008c                  _IFS4 = 0x8c
                    0x008c                  _IFS4bits = 0x8c
                    0x0094                  IEC0 = 0x94
                    0x0094                  _IEC0 = 0x94
                    0x0094                  _IEC0bits = 0x94
                    0x0096                  IEC1 = 0x96
                    0x0096                  _IEC1 = 0x96
                    0x0096                  _IEC1bits = 0x96
                    0x009a                  IEC3 = 0x9a
                    0x009a                  _IEC3 = 0x9a
                    0x009a                  _IEC3bits = 0x9a
                    0x009c                  IEC4 = 0x9c
                    0x009c                  _IEC4 = 0x9c
                    0x009c                  _IEC4bits = 0x9c
                    0x00a4                  IPC0 = 0xa4
                    0x00a4                  _IPC0 = 0xa4
                    0x00a4                  _IPC0bits = 0xa4
                    0x00a6                  IPC1 = 0xa6
                    0x00a6                  _IPC1 = 0xa6
                    0x00a6                  _IPC1bits = 0xa6
                    0x00a8                  IPC2 = 0xa8
                    0x00a8                  _IPC2 = 0xa8
                    0x00a8                  _IPC2bits = 0xa8
                    0x00aa                  IPC3 = 0xaa
                    0x00aa                  _IPC3 = 0xaa
                    0x00aa                  _IPC3bits = 0xaa
                    0x00ac                  IPC4 = 0xac
                    0x00ac                  _IPC4 = 0xac
                    0x00ac                  _IPC4bits = 0xac
                    0x00ae                  IPC5 = 0xae
                    0x00ae                  _IPC5 = 0xae
                    0x00ae                  _IPC5bits = 0xae
                    0x00b2                  IPC7 = 0xb2
                    0x00b2                  _IPC7 = 0xb2
                    0x00b2                  _IPC7bits = 0xb2
                    0x00c2                  IPC15 = 0xc2
                    0x00c2                  _IPC15 = 0xc2
                    0x00c2                  _IPC15bits = 0xc2
                    0x00c4                  IPC16 = 0xc4
                    0x00c4                  _IPC16 = 0xc4
                    0x00c4                  _IPC16bits = 0xc4
                    0x00c8                  IPC18 = 0xc8
                    0x00c8                  _IPC18 = 0xc8
                    0x00c8                  _IPC18bits = 0xc8
                    0x00ca                  IPC19 = 0xca
                    0x00ca                  _IPC19 = 0xca
                    0x00ca                  _IPC19bits = 0xca
                    0x00e0                  INTTREG = 0xe0
                    0x00e0                  _INTTREG = 0xe0
                    0x00e0                  _INTTREGbits = 0xe0
                    0x0100                  TMR1 = 0x100
                    0x0100                  _TMR1 = 0x100
                    0x0102                  PR1 = 0x102
                    0x0102                  _PR1 = 0x102
                    0x0104                  T1CON = 0x104
                    0x0104                  _T1CON = 0x104
                    0x0104                  _T1CONbits = 0x104
                    0x0106                  TMR2 = 0x106
                    0x0106                  _TMR2 = 0x106
                    0x0108                  TMR3HLD = 0x108
                    0x0108                  _TMR3HLD = 0x108
                    0x010a                  TMR3 = 0x10a
                    0x010a                  _TMR3 = 0x10a
                    0x010c                  PR2 = 0x10c
                    0x010c                  _PR2 = 0x10c
                    0x010e                  PR3 = 0x10e
                    0x010e                  _PR3 = 0x10e
                    0x0110                  T2CON = 0x110
                    0x0110                  _T2CON = 0x110
                    0x0110                  _T2CONbits = 0x110
                    0x0112                  T3CON = 0x112
                    0x0112                  _T3CON = 0x112
                    0x0112                  _T3CONbits = 0x112
                    0x0140                  IC1BUF = 0x140
                    0x0140                  _IC1BUF = 0x140
                    0x0142                  IC1CON = 0x142
                    0x0142                  _IC1CON = 0x142
                    0x0142                  _IC1CONbits = 0x142
                    0x0180                  OC1RS = 0x180
                    0x0180                  _OC1RS = 0x180
                    0x0182                  OC1R = 0x182
                    0x0182                  _OC1R = 0x182
                    0x0184                  OC1CON = 0x184
                    0x0184                  _OC1CON = 0x184
                    0x0184                  _OC1CONbits = 0x184
                    0x0200                  I2C1RCV = 0x200
                    0x0200                  _I2C1RCV = 0x200
                    0x0202                  I2C1TRN = 0x202
                    0x0202                  _I2C1TRN = 0x202
                    0x0204                  I2C1BRG = 0x204
                    0x0204                  _I2C1BRG = 0x204
                    0x0206                  I2C1CON = 0x206
                    0x0206                  _I2C1CON = 0x206
                    0x0206                  _I2C1CONbits = 0x206
                    0x0208                  I2C1STAT = 0x208
                    0x0208                  _I2C1STAT = 0x208
                    0x0208                  _I2C1STATbits = 0x208
                    0x020a                  I2C1ADD = 0x20a
                    0x020a                  _I2C1ADD = 0x20a
                    0x020c                  I2C1MSK = 0x20c
                    0x020c                  _I2C1MSK = 0x20c
                    0x020c                  _I2C1MSKbits = 0x20c
                    0x0220                  U1MODE = 0x220
                    0x0220                  _U1MODE = 0x220
                    0x0220                  _U1MODEbits = 0x220
                    0x0222                  U1STA = 0x222
                    0x0222                  _U1STA = 0x222
                    0x0222                  _U1STAbits = 0x222
                    0x0224                  U1TXREG = 0x224
                    0x0224                  _U1TXREG = 0x224
                    0x0226                  U1RXREG = 0x226
                    0x0226                  _U1RXREG = 0x226
                    0x0228                  U1BRG = 0x228
                    0x0228                  _U1BRG = 0x228
                    0x0230                  U2MODE = 0x230
                    0x0230                  _U2MODE = 0x230
                    0x0230                  _U2MODEbits = 0x230
                    0x0232                  U2STA = 0x232
                    0x0232                  _U2STA = 0x232
                    0x0232                  _U2STAbits = 0x232
                    0x0234                  U2TXREG = 0x234
                    0x0234                  _U2TXREG = 0x234
                    0x0236                  U2RXREG = 0x236
                    0x0236                  _U2RXREG = 0x236
                    0x0238                  U2BRG = 0x238
                    0x0238                  _U2BRG = 0x238
                    0x0240                  SPI1STAT = 0x240
                    0x0240                  _SPI1STAT = 0x240
                    0x0240                  _SPI1STATbits = 0x240
                    0x0242                  SPI1CON1 = 0x242
                    0x0242                  _SPI1CON1 = 0x242
                    0x0242                  _SPI1CON1bits = 0x242
                    0x0244                  SPI1CON2 = 0x244
                    0x0244                  _SPI1CON2 = 0x244
                    0x0244                  _SPI1CON2bits = 0x244
                    0x0248                  SPI1BUF = 0x248
                    0x0248                  _SPI1BUF = 0x248
                    0x02c0                  TRISA = 0x2c0
                    0x02c0                  _TRISA = 0x2c0
                    0x02c0                  _TRISAbits = 0x2c0
                    0x02c2                  PORTA = 0x2c2
                    0x02c2                  _PORTA = 0x2c2
                    0x02c2                  _PORTAbits = 0x2c2
                    0x02c4                  LATA = 0x2c4
                    0x02c4                  _LATA = 0x2c4
                    0x02c4                  _LATAbits = 0x2c4
                    0x02c6                  ODCA = 0x2c6
                    0x02c6                  _ODCA = 0x2c6
                    0x02c6                  _ODCAbits = 0x2c6
                    0x02c8                  TRISB = 0x2c8
                    0x02c8                  _TRISB = 0x2c8
                    0x02c8                  _TRISBbits = 0x2c8
                    0x02ca                  PORTB = 0x2ca
                    0x02ca                  _PORTB = 0x2ca
                    0x02ca                  _PORTBbits = 0x2ca
                    0x02cc                  LATB = 0x2cc
                    0x02cc                  _LATB = 0x2cc
                    0x02cc                  _LATBbits = 0x2cc
                    0x02ce                  ODCB = 0x2ce
                    0x02ce                  _ODCB = 0x2ce
                    0x02ce                  _ODCBbits = 0x2ce
                    0x02fc                  PADCFG1 = 0x2fc
                    0x02fc                  _PADCFG1 = 0x2fc
                    0x02fc                  _PADCFG1bits = 0x2fc
                    0x0300                  ADC1BUF0 = 0x300
                    0x0300                  _ADC1BUF0 = 0x300
                    0x0302                  ADC1BUF1 = 0x302
                    0x0302                  _ADC1BUF1 = 0x302
                    0x0304                  ADC1BUF2 = 0x304
                    0x0304                  _ADC1BUF2 = 0x304
                    0x0306                  ADC1BUF3 = 0x306
                    0x0306                  _ADC1BUF3 = 0x306
                    0x0308                  ADC1BUF4 = 0x308
                    0x0308                  _ADC1BUF4 = 0x308
                    0x030a                  ADC1BUF5 = 0x30a
                    0x030a                  _ADC1BUF5 = 0x30a
                    0x030c                  ADC1BUF6 = 0x30c
                    0x030c                  _ADC1BUF6 = 0x30c
                    0x030e                  ADC1BUF7 = 0x30e
                    0x030e                  _ADC1BUF7 = 0x30e
                    0x0310                  ADC1BUF8 = 0x310
                    0x0310                  _ADC1BUF8 = 0x310
                    0x0312                  ADC1BUF9 = 0x312
                    0x0312                  _ADC1BUF9 = 0x312
                    0x0314                  ADC1BUFA = 0x314
                    0x0314                  _ADC1BUFA = 0x314
                    0x0316                  ADC1BUFB = 0x316
                    0x0316                  _ADC1BUFB = 0x316
                    0x0318                  ADC1BUFC = 0x318
                    0x0318                  _ADC1BUFC = 0x318
                    0x031a                  ADC1BUFD = 0x31a
                    0x031a                  _ADC1BUFD = 0x31a
                    0x031c                  ADC1BUFE = 0x31c
                    0x031c                  _ADC1BUFE = 0x31c
                    0x031e                  ADC1BUFF = 0x31e
                    0x031e                  _ADC1BUFF = 0x31e
                    0x0320                  AD1CON1 = 0x320
                    0x0320                  _AD1CON1 = 0x320
                    0x0320                  _AD1CON1bits = 0x320
                    0x0322                  AD1CON2 = 0x322
                    0x0322                  _AD1CON2 = 0x322
                    0x0322                  _AD1CON2bits = 0x322
                    0x0324                  AD1CON3 = 0x324
                    0x0324                  _AD1CON3 = 0x324
                    0x0324                  _AD1CON3bits = 0x324
                    0x0328                  AD1CHS = 0x328
                    0x0328                  _AD1CHS = 0x328
                    0x0328                  _AD1CHSbits = 0x328
                    0x032c                  AD1PCFG = 0x32c
                    0x032c                  _AD1PCFG = 0x32c
                    0x032c                  _AD1PCFGbits = 0x32c
                    0x0330                  AD1CSSL = 0x330
                    0x0330                  _AD1CSSL = 0x330
                    0x0330                  _AD1CSSLbits = 0x330
                    0x033c                  CTMUCON = 0x33c
                    0x033c                  _CTMUCON = 0x33c
                    0x033c                  _CTMUCONbits = 0x33c
                    0x033e                  CTMUICON = 0x33e
                    0x033e                  _CTMUICON = 0x33e
                    0x033e                  _CTMUICONbits = 0x33e
                    0x0620                  ALRMVAL = 0x620
                    0x0620                  _ALRMVAL = 0x620
                    0x0622                  ALCFGRPT = 0x622
                    0x0622                  _ALCFGRPT = 0x622
                    0x0622                  _ALCFGRPTbits = 0x622
                    0x0624                  RTCVAL = 0x624
                    0x0624                  _RTCVAL = 0x624
                    0x0626                  RCFGCAL = 0x626
                    0x0626                  _RCFGCAL = 0x626
                    0x0626                  _RCFGCALbits = 0x626
                    0x0630                  CMSTAT = 0x630
                    0x0630                  _CMSTAT = 0x630
                    0x0630                  _CMSTATbits = 0x630
                    0x0632                  CVRCON = 0x632
                    0x0632                  _CVRCON = 0x632
                    0x0632                  _CVRCONbits = 0x632
                    0x0634                  CM1CON = 0x634
                    0x0634                  _CM1CON = 0x634
                    0x0634                  _CM1CONbits = 0x634
                    0x0636                  CM2CON = 0x636
                    0x0636                  _CM2CON = 0x636
                    0x0636                  _CM2CONbits = 0x636
                    0x0640                  CRCCON = 0x640
                    0x0640                  _CRCCON = 0x640
                    0x0640                  _CRCCONbits = 0x640
                    0x0642                  CRCXOR = 0x642
                    0x0642                  _CRCXOR = 0x642
                    0x0644                  CRCDAT = 0x644
                    0x0644                  _CRCDAT = 0x644
                    0x0646                  CRCWDAT = 0x646
                    0x0646                  _CRCWDAT = 0x646
                    0x0740                  RCON = 0x740
                    0x0740                  _RCON = 0x740
                    0x0740                  _RCONbits = 0x740
                    0x0742                  OSCCON = 0x742
                    0x0742                  _OSCCON = 0x742
                    0x0742                  _OSCCONbits = 0x742
                    0x0742                  OSCCONL = 0x742
                    0x0742                  _OSCCONL = 0x742
                    0x0743                  OSCCONH = 0x743
                    0x0743                  _OSCCONH = 0x743
                    0x0744                  CLKDIV = 0x744
                    0x0744                  _CLKDIV = 0x744
                    0x0744                  _CLKDIVbits = 0x744
                    0x0748                  OSCTUN = 0x748
                    0x0748                  _OSCTUN = 0x748
                    0x0748                  _OSCTUNbits = 0x748
                    0x074e                  REFOCON = 0x74e
                    0x074e                  _REFOCON = 0x74e
                    0x074e                  _REFOCONbits = 0x74e
                    0x0756                  HLVDCON = 0x756
                    0x0756                  _HLVDCON = 0x756
                    0x0756                  _HLVDCONbits = 0x756
                    0x0758                  DSCON = 0x758
                    0x0758                  _DSCON = 0x758
                    0x0758                  _DSCONbits = 0x758
                    0x075a                  DSWAKE = 0x75a
                    0x075a                  _DSWAKE = 0x75a
                    0x075a                  _DSWAKEbits = 0x75a
                    0x075a                  DSWSRC = 0x75a
                    0x075a                  _DSWSRC = 0x75a
                    0x075a                  _DSWSRCbits = 0x75a
                    0x075c                  DSGPR0 = 0x75c
                    0x075c                  _DSGPR0 = 0x75c
                    0x075e                  DSGPR1 = 0x75e
                    0x075e                  _DSGPR1 = 0x75e
                    0x0760                  NVMCON = 0x760
                    0x0760                  _NVMCON = 0x760
                    0x0760                  _NVMCONbits = 0x760
                    0x0766                  NVMKEY = 0x766
                    0x0766                  _NVMKEY = 0x766
                    0x0766                  _NVMKEYbits = 0x766
                    0x0770                  PMD1 = 0x770
                    0x0770                  _PMD1 = 0x770
                    0x0770                  _PMD1bits = 0x770
                    0x0772                  PMD2 = 0x772
                    0x0772                  _PMD2 = 0x772
                    0x0772                  _PMD2bits = 0x772
                    0x0774                  PMD3 = 0x774
                    0x0774                  _PMD3 = 0x774
                    0x0774                  _PMD3bits = 0x774
                    0x0776                  PMD4 = 0x776
                    0x0776                  _PMD4 = 0x776
                    0x0776                  _PMD4bits = 0x776
                    0x0140                  IC1 = 0x140
                    0x0140                  _IC1 = 0x140
                    0x0180                  OC1 = 0x180
                    0x0180                  _OC1 = 0x180
                    0x0240                  SPI1 = 0x240
                    0x0240                  _SPI1 = 0x240
                    0x0220                  UART1 = 0x220
                    0x0220                  _UART1 = 0x220
                    0x0230                  UART2 = 0x230
                    0x0230                  _UART2 = 0x230
START GROUP
LOAD c:/program files/microchip/xc16/v1.61/bin/bin/../../lib\liblega-pic30-elf.a
LOAD c:/program files/microchip/xc16/v1.61/bin/bin/../../lib\libm-elf.a
LOAD c:/program files/microchip/xc16/v1.61/bin/bin/../../lib\liblega-c-elf.a
END GROUP
OUTPUT(dist/default/production/AppProject2.X.production.elf elf32-pic30)
LOAD jump_table
LOAD default_isr
LOAD data_init

.debug_pubtypes
                  0x000090        0x47b
 .debug_pubtypes
                  0x000090         0xb5 build/default/production/ADC.o
 .debug_pubtypes
                  0x000145         0x7a build/default/production/ChangeClk.o
 .debug_pubtypes
                  0x0001bf        0x17a build/default/production/IOs.o
 .debug_pubtypes
                  0x000339         0x95 build/default/production/TimeDelay.o
 .debug_pubtypes
                  0x0003ce        0x11f build/default/production/UART2.o
 .debug_pubtypes
                  0x0004ed         0x1e build/default/production/main.o

__c30_signature
                  0x00050b        0x1ec
 __c30_signature
                  0x00050b          0x6 build/default/production/ADC.o
 __c30_signature
                  0x000511          0x6 build/default/production/ChangeClk.o
 __c30_signature
                  0x000517          0x6 build/default/production/IOs.o
 __c30_signature
                  0x00051d          0x6 build/default/production/TimeDelay.o
 __c30_signature
                  0x000523          0x6 build/default/production/UART2.o
 __c30_signature
                  0x000529          0x6 build/default/production/main.o
 __c30_signature
                  0x00052f          0x6 c:/program files/microchip/xc16/v1.61/bin/bin/../../lib\liblega-pic30-elf.a(crt0_standard.o)
 __c30_signature
                  0x000535          0x6 c:/program files/microchip/xc16/v1.61/bin/bin/../../lib\liblega-pic30-elf.a(data_init_standard.o)
 __c30_signature
                  0x00053b          0x6 c:/program files/microchip/xc16/v1.61/bin/bin/../../lib\libm-elf.a(addsf3.eo)
 __c30_signature
                  0x000541          0x6 c:/program files/microchip/xc16/v1.61/bin/bin/../../lib\libm-elf.a(divsf3.eo)
 __c30_signature
                  0x000547          0x6 c:/program files/microchip/xc16/v1.61/bin/bin/../../lib\libm-elf.a(fixunssfsi.eo)
 __c30_signature
                  0x00054d          0x6 c:/program files/microchip/xc16/v1.61/bin/bin/../../lib\libm-elf.a(floatsisf.eo)
 __c30_signature
                  0x000553          0x6 c:/program files/microchip/xc16/v1.61/bin/bin/../../lib\libm-elf.a(floatunsisf.eo)
 __c30_signature
                  0x000559          0x6 c:/program files/microchip/xc16/v1.61/bin/bin/../../lib\libm-elf.a(fpack.eo)
 __c30_signature
                  0x00055f          0x6 c:/program files/microchip/xc16/v1.61/bin/bin/../../lib\libm-elf.a(funpack.eo)
 __c30_signature
                  0x000565          0x6 c:/program files/microchip/xc16/v1.61/bin/bin/../../lib\libm-elf.a(funpack2.eo)
 __c30_signature
                  0x00056b          0x6 c:/program files/microchip/xc16/v1.61/bin/bin/../../lib\libm-elf.a(futil.eo)
 __c30_signature
                  0x000571          0x6 c:/program files/microchip/xc16/v1.61/bin/bin/../../lib\libm-elf.a(mulsf3.eo)
 __c30_signature
                  0x000577          0x6 c:/program files/microchip/xc16/v1.61/bin/bin/../../lib\libm-elf.a(powf.eo)
 __c30_signature
                  0x00057d          0x6 c:/program files/microchip/xc16/v1.61/bin/bin/../../lib\libm-elf.a(_frexpf.eo)
 __c30_signature
                  0x000583          0x6 c:/program files/microchip/xc16/v1.61/bin/bin/../../lib\libm-elf.a(errno.eo)
 __c30_signature
                  0x000589          0x6 c:/program files/microchip/xc16/v1.61/bin/bin/../../lib\libm-elf.a(expf.eo)
 __c30_signature
                  0x00058f          0x6 c:/program files/microchip/xc16/v1.61/bin/bin/../../lib\libm-elf.a(fchop.eo)
 __c30_signature
                  0x000595          0x6 c:/program files/microchip/xc16/v1.61/bin/bin/../../lib\libm-elf.a(feqltle.eo)
 __c30_signature
                  0x00059b          0x6 c:/program files/microchip/xc16/v1.61/bin/bin/../../lib\libm-elf.a(fgtge.eo)
 __c30_signature
                  0x0005a1          0x6 c:/program files/microchip/xc16/v1.61/bin/bin/../../lib\libm-elf.a(fixsfsi.eo)
 __c30_signature
                  0x0005a7          0x6 c:/program files/microchip/xc16/v1.61/bin/bin/../../lib\libm-elf.a(floatdisf.eo)
 __c30_signature
                  0x0005ad          0x6 c:/program files/microchip/xc16/v1.61/bin/bin/../../lib\libm-elf.a(floatundisf.eo)
 __c30_signature
                  0x0005b3          0x6 c:/program files/microchip/xc16/v1.61/bin/bin/../../lib\libm-elf.a(ldexpf.eo)
 __c30_signature
                  0x0005b9          0x6 c:/program files/microchip/xc16/v1.61/bin/bin/../../lib\libm-elf.a(logf.eo)
 __c30_signature
                  0x0005bf          0x6 c:/program files/microchip/xc16/v1.61/bin/bin/../../lib\libm-elf.a(fcompare.eo)
 __c30_signature
                  0x0005c5          0x6 c:/program files/microchip/xc16/v1.61/bin/bin/../../lib\liblega-c-elf.a(strlen.XX_eo)
 __c30_signature
                  0x0005cb          0x6 c:/program files/microchip/xc16/v1.61/bin/bin/../../lib\liblega-c-elf.a(sprintf_fF.XXeo)
 __c30_signature
                  0x0005d1          0x6 c:/program files/microchip/xc16/v1.61/bin/bin/../../lib\liblega-c-elf.a(xprintf_fF.XXeo)
 __c30_signature
                  0x0005d7          0x6 c:/program files/microchip/xc16/v1.61/bin/bin/../../lib\liblega-c-elf.a(xputfld_fF.XXeo)
 __c30_signature
                  0x0005dd          0x6 c:/program files/microchip/xc16/v1.61/bin/bin/../../lib\liblega-c-elf.a(xldtob_fF.XXeo)
 __c30_signature
                  0x0005e3          0x6 c:/program files/microchip/xc16/v1.61/bin/bin/../../lib\liblega-c-elf.a(xgenld_fF.XXeo)
 __c30_signature
                  0x0005e9          0x6 c:/program files/microchip/xc16/v1.61/bin/bin/../../lib\liblega-c-elf.a(div.XX_eo)
 __c30_signature
                  0x0005ef          0x6 c:/program files/microchip/xc16/v1.61/bin/bin/../../lib\liblega-c-elf.a(ldiv.XX_eo)
 __c30_signature
                  0x0005f5          0x6 c:/program files/microchip/xc16/v1.61/bin/bin/../../lib\liblega-c-elf.a(memcpy.XX_eo)
 __c30_signature
                  0x0005fb          0x6 c:/program files/microchip/xc16/v1.61/bin/bin/../../lib\liblega-c-elf.a(strchr.XX_eo)
 __c30_signature
                  0x000601          0x6 c:/program files/microchip/xc16/v1.61/bin/bin/../../lib\liblega-c-elf.a(xldunsca.XX_eo)
 __c30_signature
                  0x000607          0x6 c:/program files/microchip/xc16/v1.61/bin/bin/../../lib\liblega-c-elf.a(xputtxt.XX_eo)
 __c30_signature
                  0x00060d          0x6 c:/program files/microchip/xc16/v1.61/bin/bin/../../lib\liblega-c-elf.a(xvacopy.XX_eo)
 __c30_signature
                  0x000613          0x6 c:/program files/microchip/xc16/v1.61/bin/bin/../../lib\liblega-c-elf.a(efwrite.XX_eo)
 __c30_signature
                  0x000619          0x6 c:/program files/microchip/xc16/v1.61/bin/bin/../../lib\liblega-c-elf.a(fflush.XX_elo)
 __c30_signature
                  0x00061f          0x6 c:/program files/microchip/xc16/v1.61/bin/bin/../../lib\liblega-c-elf.a(xdnorm.XX_elo)
 __c30_signature
                  0x000625          0x6 c:/program files/microchip/xc16/v1.61/bin/bin/../../lib\liblega-c-elf.a(xfiles.XX_elo)
 __c30_signature
                  0x00062b          0x6 c:/program files/microchip/xc16/v1.61/bin/bin/../../lib\liblega-c-elf.a(xfwprep.XX_eo)
 __c30_signature
                  0x000631          0x6 c:/program files/microchip/xc16/v1.61/bin/bin/../../lib\liblega-c-elf.a(fclose.XX_elo)
 __c30_signature
                  0x000637          0x6 c:/program files/microchip/xc16/v1.61/bin/bin/../../lib\liblega-c-elf.a(xatexit.XX_elo)
 __c30_signature
                  0x00063d          0x6 c:/program files/microchip/xc16/v1.61/bin/bin/../../lib\liblega-c-elf.a(free.XX_eo)
 __c30_signature
                  0x000643          0x6 c:/program files/microchip/xc16/v1.61/bin/bin/../../lib\liblega-c-elf.a(malloc.XX_eo)
 __c30_signature
                  0x000649          0x6 c:/program files/microchip/xc16/v1.61/bin/bin/../../lib\liblega-c-elf.a(xgetmem.XX_eo)
 __c30_signature
                  0x00064f          0x6 c:/program files/microchip/xc16/v1.61/bin/bin/../../lib\liblega-pic30-elf.a(close.Leo)
 __c30_signature
                  0x000655          0x6 c:/program files/microchip/xc16/v1.61/bin/bin/../../lib\liblega-pic30-elf.a(write.Leo)
 __c30_signature
                  0x00065b          0x6 c:/program files/microchip/xc16/v1.61/bin/bin/../../lib\liblega-pic30-elf.a(remove.Leo)
 __c30_signature
                  0x000661          0x6 c:/program files/microchip/xc16/v1.61/bin/bin/../../lib\liblega-pic30-elf.a(sbrk.Leo)
 __c30_signature
                  0x000667          0x6 c:/program files/microchip/xc16/v1.61/bin/bin/../../lib\liblega-pic30-elf.a(c30_uart.Leo)
 __c30_signature
                  0x00066d          0x6 c:/program files/microchip/xc16/v1.61/bin/bin/../../lib\liblega-pic30-elf.a(memcpy_eds.Leo)
 __c30_signature
                  0x000673          0x6 c:/program files/microchip/xc16/v1.61/bin/bin/../../lib\liblega-pic30-elf.a(memchr_eds.Leo)
 __c30_signature
                  0x000679          0x6 c:/program files/microchip/xc16/v1.61/bin/bin/../../lib\liblega-pic30-elf.a(brk.Lelo)
 __c30_signature
                  0x00067f          0x6 c:/program files/microchip/xc16/v1.61/bin/bin/../../lib\libm-elf.a(deqltle.eo)
 __c30_signature
                  0x000685          0x6 c:/program files/microchip/xc16/v1.61/bin/bin/../../lib\libm-elf.a(dgtge.eo)
 __c30_signature
                  0x00068b          0x6 c:/program files/microchip/xc16/v1.61/bin/bin/../../lib\libm-elf.a(divdf3.eo)
 __c30_signature
                  0x000691          0x6 c:/program files/microchip/xc16/v1.61/bin/bin/../../lib\libm-elf.a(divsi3.eo)
 __c30_signature
                  0x000697          0x6 c:/program files/microchip/xc16/v1.61/bin/bin/../../lib\libm-elf.a(dpack.eo)
 __c30_signature
                  0x00069d          0x6 c:/program files/microchip/xc16/v1.61/bin/bin/../../lib\libm-elf.a(dunpack2.eo)
 __c30_signature
                  0x0006a3          0x6 c:/program files/microchip/xc16/v1.61/bin/bin/../../lib\libm-elf.a(extendsfdf.eo)
 __c30_signature
                  0x0006a9          0x6 c:/program files/microchip/xc16/v1.61/bin/bin/../../lib\libm-elf.a(fixdfsi.eo)
 __c30_signature
                  0x0006af          0x6 c:/program files/microchip/xc16/v1.61/bin/bin/../../lib\libm-elf.a(floatsidf.eo)
 __c30_signature
                  0x0006b5          0x6 c:/program files/microchip/xc16/v1.61/bin/bin/../../lib\libm-elf.a(muldf3.eo)
 __c30_signature
                  0x0006bb          0x6 c:/program files/microchip/xc16/v1.61/bin/bin/../../lib\libm-elf.a(subdf3.eo)
 __c30_signature
                  0x0006c1          0x6 c:/program files/microchip/xc16/v1.61/bin/bin/../../lib\libm-elf.a(udivsi3.eo)
 __c30_signature
                  0x0006c7          0x6 c:/program files/microchip/xc16/v1.61/bin/bin/../../lib\libm-elf.a(mulsi3.eo)
 __c30_signature
                  0x0006cd          0x6 c:/program files/microchip/xc16/v1.61/bin/bin/../../lib\libm-elf.a(adddf3.eo)
 __c30_signature
                  0x0006d3          0x6 c:/program files/microchip/xc16/v1.61/bin/bin/../../lib\libm-elf.a(dcompare.eo)
 __c30_signature
                  0x0006d9          0x6 c:/program files/microchip/xc16/v1.61/bin/bin/../../lib\libm-elf.a(dpropagateNaN.eo)
 __c30_signature
                  0x0006df          0x6 c:/program files/microchip/xc16/v1.61/bin/bin/../../lib\libm-elf.a(dtype.eo)
 __c30_signature
                  0x0006e5          0x6 c:/program files/microchip/xc16/v1.61/bin/bin/../../lib\libm-elf.a(dunpack.eo)
 __c30_signature
                  0x0006eb          0x6 c:/program files/microchip/xc16/v1.61/bin/bin/../../lib\libm-elf.a(floatdidf.eo)
 __c30_signature
                  0x0006f1          0x6 c:/program files/microchip/xc16/v1.61/bin/bin/../../lib\libm-elf.a(floatundidf.eo)

.nbss               0x0800          0x2
 .nbss              0x0800          0x2 build/default/production/UART2.o
                    0x0800                  _clkval

.ndata              0x0802          0x2
 .ndata             0x0802          0x2 build/default/production/main.o
                    0x0802                  _state

.nbss               0x0804          0x2
 .nbss              0x0804          0x2 c:/program files/microchip/xc16/v1.61/bin/bin/../../lib\libm-elf.a(errno.eo)
                    0x0804                  _errno

.data               0x0806         0xfa
 .data              0x0806         0x88 c:/program files/microchip/xc16/v1.61/bin/bin/../../lib\liblega-c-elf.a(xfiles.XX_elo)
                    0x0806                  __Stdin
                    0x082e                  __Stdout
                    0x0856                  __Stderr
                    0x087e                  __Files
 .data              0x088e         0x58 c:/program files/microchip/xc16/v1.61/bin/bin/../../lib\liblega-c-elf.a(xldtob_fF.XXeo)
 .data              0x08e6         0x1a c:/program files/microchip/xc16/v1.61/bin/bin/../../lib\liblega-c-elf.a(xprintf_fF.XXeo)

.bss                0x0900          0x4
 .bss               0x0900          0x4 c:/program files/microchip/xc16/v1.61/bin/bin/../../lib\liblega-c-elf.a(malloc.XX_eo)
                    0x0900                  __Aldata

.data               0x0904          0x2
 .data              0x0904          0x2 c:/program files/microchip/xc16/v1.61/bin/bin/../../lib\liblega-c-elf.a(xgenld_fF.XXeo)

.bss                0x0906          0x2
 .bss               0x0906          0x2 c:/program files/microchip/xc16/v1.61/bin/bin/../../lib\liblega-c-elf.a(fclose.XX_elo)

.data               0x0908          0x4
 .data              0x0908          0x2 c:/program files/microchip/xc16/v1.61/bin/bin/../../lib\liblega-c-elf.a(malloc.XX_eo)
                    0x0908                  __Size_block
 .data              0x090a          0x2 c:/program files/microchip/xc16/v1.61/bin/bin/../../lib\liblega-pic30-elf.a(c30_uart.Leo)
                    0x090a                  ___C30_UART

.bss                0x090c          0x2
 .bss               0x090c          0x2 c:/program files/microchip/xc16/v1.61/bin/bin/../../lib\liblega-pic30-elf.a(brk.Lelo)
                    0x090c                  ___curbrk

.ivt._CNInterrupt
                  0x00003a          0x2
 .ivt._CNInterrupt
                  0x00003a          0x2 build/default/production/IOs.o

.ivt._T2Interrupt
                  0x000022          0x2
 .ivt._T2Interrupt
                  0x000022          0x2 build/default/production/TimeDelay.o

.ivt._U2RXInterrupt
                  0x000050          0x2
 .ivt._U2RXInterrupt
                  0x000050          0x2 build/default/production/UART2.o

.ivt._U2TXInterrupt
                  0x000052          0x2
 .ivt._U2TXInterrupt
                  0x000052          0x2 build/default/production/UART2.o

.config_FCKSM     0xf80008          0x2
 .config_FCKSM    0xf80008          0x2 build/default/production/main.o

.const              0x9f7e         0x5e load address 0x001f7e  
 .const             0x9f7e         0x3a build/default/production/IOs.o
                    0x9f7e                  _Omega
 .const             0x9fb8         0x24 build/default/production/main.o

.text             0x001fdc        0x1ee
 .text            0x001fdc        0x1ee build/default/production/UART2.o
                  0x001fdc                  _InitUART2
                  0x002044                  _XmitUART2
                  0x00207c                  _Disp2Hex
                  0x0020da                  _Disp2Hex32
                  0x002148                  _Disp2Dec
                  0x0021a8                  _Disp2String

.dinit            0x0021ca         0xfc
 .dinit           0x0021ca         0xfc data_init

.text             0x0022c6        0x208
 .text            0x0022c6         0xcc build/default/production/IOs.o
                  0x0022c6                  _IOinit
                  0x0022f0                  _IOCheck
 .text            0x002392         0x74 build/default/production/ChangeClk.o
                  0x002392                  _NewClk
 .text            0x002406         0x6e build/default/production/ADC.o
                  0x002406                  _do_ADC
 .text            0x002474         0x38 build/default/production/TimeDelay.o
                  0x002474                  _TMR2config
                  0x002498                  _delay_ms
 .text            0x0024ac         0x22 build/default/production/main.o
                  0x0024ac                  _main
